(base) james@MacBook-Air-M1 RTNode-HeltecV4 % pio device monitor
*******************************************************************
Obsolete PIO Core v6.1.18 is used (previous was 6.1.19)
Please remove multiple PIO Cores from a system:
https://docs.platformio.org/en/latest/core/installation/troubleshooting.html
*******************************************************************
--- Terminal on /dev/cu.usbmodem101 | 115200 8-N-1
--- Available filters and text transformations: colorize, debug, default, direct, esp32_exception_decoder, hexlify, log2file, nocontrol, printable, send_on_enter, time
--- More details at https://bit.ly/pio-monitor-filters
--- Quit: Ctrl+C | Menu: Ctrl+T | Help: Ctrl+T followed by Ctrl+H
[HEAP] free=174008 min=168652 max_alloc=155636 psram=2054639
[WL#1] 1 entries: 29f9a20c
[WL#2] 14 entries: 13f4b14d 025e9ee3 28662625 15402ebc 29f9a20c aec378e9 7a3f2ded e392d652 4afdafd1 006e3732 6d6bf9d4 fbb6185a 7b6a97f1 6e9c839d
23-02:28:07.764 [VRB] [LoRa] RX 243 bytes
[Meshchat] [DATA] - FROM: Interface[LoRaInterface] (LAN) - TO: 13f4b14d (WAN) - WL-PASS hops=1 sz=243
[Meshchat] [DATA] - FROM: Interface[LoRaInterface] (LAN) - TO: 13f4b14d (WAN) - LAN-IN hops=1 sz=243
[Meshchat] [DATA] - FROM: Interface[LoRaInterface] (LAN) - TO: 13f4b14d (WAN) - FWD: Interface[BackboneInterface1] (WAN) transport hops=1
23-02:28:07.772 [NOT] LINK-XPORT: dest 13f4b14d NOT in link_table (size=0)
23-02:28:07.995 [VRB] [LoRa] TX 230 bytes
23-02:28:08.193 [VRB] [LoRa] TXSTART 230 bytes
[Boundary] TXCFG f=914875000 sf=10 bw=4 cr=1 ldro=0 pre=18 hdr=0 len=231 crc=1 iq=0 txp=19
[Boundary] TXDONE irq=0001 timeout=0 pa=1
23-02:28:19.149 [VRB] [LoRa] RX 243 bytes
[Meshchat] [DATA] - FROM: Interface[LoRaInterface] (LAN) - TO: 13f4b14d (WAN) - WL-PASS hops=1 sz=243
[Meshchat] [DATA] - FROM: Interface[LoRaInterface] (LAN) - TO: 13f4b14d (WAN) - LAN-IN hops=1 sz=243
[Meshchat] [DATA] - FROM: Interface[LoRaInterface] (LAN) - TO: 13f4b14d (WAN) - FWD: Interface[BackboneInterface1] (WAN) transport hops=1
23-02:28:19.157 [NOT] LINK-XPORT: dest 13f4b14d NOT in link_table (size=0)
23-02:28:19.286 [VRB] heap: 135312/310324 (43%) [+3360] flash: 53248/3538944 (1%) [+0] paths: 2 dsts: 5 revr: 11 annc: 0 held: 0
23-02:28:19.287 [VRB] preqs: 0 dpreqs: 0 ppreqs: 0 dprt: 29 cdsts: 2 chshs: 2
23-02:28:19.288 [VRB] phl: 71 rcp: 0 lt: 0 pl: 0 al: 0 tun: 0
23-02:28:19.289 [VRB] bla: 1 bma: 16
23-02:28:19.290 [VRB] pin: 7284 pout: 25 padd: 1 dpr: 1 ikd: 2 ia: 0

23-02:28:22.128 [VRB] [LoRa] RX 51 bytes
[Meshchat] [DATA] - FROM: Interface[LoRaInterface] (LAN) - TO: 6b9f6601 (LAN) - WL-PASS hops=1 sz=51
[Meshchat] [DATA] - FROM: Interface[LoRaInterface] (LAN) - TO: 6b9f6601 (LAN) - LAN-IN hops=1 sz=51
23-02:28:22.131 [NOT] FWD-CHECK - FROM: Interface[LoRaInterface] (LAN) TO: 6b9f6601 (LAN) LOCAL
23-02:28:22.132 [NOT] SKIP-FWD - TO: 6b9f6601 is local dest
23-02:28:22.133 [NOT] LINK-XPORT: dest 6b9f6601 NOT in link_table (size=0)
[Meshchat] [DATA] - FROM: Interface[LoRaInterface] (LAN) - TO: 6b9f6601 (LAN) - LAN-DELIVER
[Meshchat] [DATA] - FROM: Interface[LoRaInterface] (LAN) - PATH-REQ for 13f4b14d from Interface[LoRaInterface]
23-02:28:25.600 [VRB] [LoRa] RX 51 bytes
[Meshchat] [DATA] - FROM: Interface[LoRaInterface] (LAN) - TO: 6b9f6601 (LAN) - WL-PASS hops=1 sz=51
[Meshchat] [DATA] - FROM: Interface[LoRaInterface] (LAN) - TO: 6b9f6601 (LAN) - LAN-IN hops=1 sz=51
23-02:28:25.604 [NOT] FWD-CHECK - FROM: Interface[LoRaInterface] (LAN) TO: 6b9f6601 (LAN) LOCAL
23-02:28:25.605 [NOT] SKIP-FWD - TO: 6b9f6601 is local dest
23-02:28:25.606 [NOT] LINK-XPORT: dest 6b9f6601 NOT in link_table (size=0)
[Meshchat] [DATA] - FROM: Interface[LoRaInterface] (LAN) - TO: 6b9f6601 (LAN) - LAN-DELIVER
[Meshchat] [DATA] - FROM: Interface[LoRaInterface] (LAN) - PATH-REQ for 13f4b14d from Interface[LoRaInterface]
[HEAP] free=172488 min=168652 max_alloc=159732 psram=2054639
[WL#1] 1 entries: 29f9a20c
[WL#2] 16 entries: 13f4b14d 025e9ee3 28662625 15402ebc 29f9a20c aec378e9 7a3f2ded e392d652 4afdafd1 006e3732 6d6bf9d4 fbb6185a 7b6a97f1 6e9c839d d97570c6 cf4acf5e
23-02:28:29.755 [VRB] [LoRa] RX 51 bytes
[Meshchat] [DATA] - FROM: Interface[LoRaInterface] (LAN) - TO: 6b9f6601 (LAN) - WL-PASS hops=1 sz=51
[Meshchat] [DATA] - FROM: Interface[LoRaInterface] (LAN) - TO: 6b9f6601 (LAN) - LAN-IN hops=1 sz=51
23-02:28:29.758 [NOT] FWD-CHECK - FROM: Interface[LoRaInterface] (LAN) TO: 6b9f6601 (LAN) LOCAL
23-02:28:29.760 [NOT] SKIP-FWD - TO: 6b9f6601 is local dest
23-02:28:29.761 [NOT] LINK-XPORT: dest 6b9f6601 NOT in link_table (size=0)
[Meshchat] [DATA] - FROM: Interface[LoRaInterface] (LAN) - TO: 6b9f6601 (LAN) - LAN-DELIVER
[Meshchat] [DATA] - FROM: Interface[LoRaInterface] (LAN) - PATH-REQ for 13f4b14d from Interface[LoRaInterface]
23-02:28:33.644 [VRB] [LoRa] RX 51 bytes
[Meshchat] [DATA] - FROM: Interface[LoRaInterface] (LAN) - TO: 6b9f6601 (LAN) - WL-PASS hops=1 sz=51
[Meshchat] [DATA] - FROM: Interface[LoRaInterface] (LAN) - TO: 6b9f6601 (LAN) - LAN-IN hops=1 sz=51
23-02:28:33.647 [NOT] FWD-CHECK - FROM: Interface[LoRaInterface] (LAN) TO: 6b9f6601 (LAN) LOCAL
23-02:28:33.648 [NOT] SKIP-FWD - TO: 6b9f6601 is local dest
23-02:28:33.649 [NOT] LINK-XPORT: dest 6b9f6601 NOT in link_table (size=0)
[Meshchat] [DATA] - FROM: Interface[LoRaInterface] (LAN) - TO: 6b9f6601 (LAN) - LAN-DELIVER
[Meshchat] [DATA] - FROM: Interface[LoRaInterface] (LAN) - PATH-REQ for 13f4b14d from Interface[LoRaInterface]
23-02:28:37.654 [VRB] [LoRa] RX 51 bytes
23-02:28:37.655 [NOT] FWD-CHECK - FROM: Interface[LoRaInterface] (LAN) TO: 6b9f6601 (LAN) LOCAL
23-02:28:37.657 [NOT] SKIP-FWD - TO: 6b9f6601 is local dest
23-02:28:37.658 [NOT] LINK-XPORT: dest 6b9f6601 NOT in link_table (size=0)
23-02:28:37.816 [VRB] [LoRa] TX 230 bytes
23-02:28:38.014 [VRB] [LoRa] TXSTART 230 bytes
[Boundary] TXCFG f=914875000 sf=10 bw=4 cr=1 ldro=0 pre=18 hdr=0 len=231 crc=1 iq=0 txp=19
[Boundary] TXDONE irq=0001 timeout=0 pa=1
